// Jest Snapshot v1, https://goo.gl/fbAQLP

exports[`Test Paper component the container is correctly rendered 1`] = `
<DocumentFragment>
  <div
    class="paper undefined"
    style="--elevation: 0;"
  >
    <span>
      Paper content
    </span>
  </div>
</DocumentFragment>
`;
