// Jest Snapshot v1, https://goo.gl/fbAQLP

exports[`Test Button component the button is correctly rendered 1`] = `
<DocumentFragment>
  <button
    class="button"
  >
    Submit
  </button>
</DocumentFragment>
`;
