// Jest Snapshot v1, https://goo.gl/fbAQLP

exports[`Test TextField component the text field is correctly rendered 1`] = `
<DocumentFragment>
  <label
    class="inputLabel"
  >
    A label
    <input
      class="textField"
      type="text"
    />
  </label>
</DocumentFragment>
`;
